
> ovg-platform-v2@0.1.0 build
> next build

▲ Next.js 16.2.6 (Turbopack)
- Environments: .env.local

  Creating an optimized production build ...
✓ Compiled successfully in 5.9s
  Running TypeScript ...
  Finished TypeScript in 10.3s ...
  Collecting page data using 11 workers ...
  Generating static pages using 11 workers (0/18) ...
  Generating static pages using 11 workers (4/18) 
  Generating static pages using 11 workers (8/18) 
  Generating static pages using 11 workers (13/18) 
✓ Generating static pages using 11 workers (18/18) in 606ms
  Finalizing page optimization ...

Route (app)
┌ ○ /
├ ○ /_not-found
├ ƒ /api/admin/cleanup-tenants
├ ƒ /api/ai/apply-vibe
├ ƒ /api/ai/automotive
├ ƒ /api/ai/create-client
├ ƒ /api/ai/delete-client
├ ƒ /api/ai/delete-client-by-id
├ ƒ /api/ai/extract-client-info
├ ƒ /api/ai/generate-response
├ ƒ /api/ai/process-command
├ ƒ /api/ai/speech
├ ƒ /api/ai/stt
├ ƒ /api/ai/sync-brand
├ ƒ /api/ai/voice-design
├ ƒ /api/auth/fix-metadata
├ ƒ /api/auth/update-reseller-slug
├ ƒ /api/chat/voice
├ ƒ /api/paystack/initialize
├ ƒ /api/reseller/[resellerSlug]/branding
├ ƒ /api/reseller/[resellerSlug]/clients
├ ƒ /api/reseller/[resellerSlug]/sync-brand
├ ƒ /api/resellers/create
├ ƒ /api/tenants/[tenantId]
├ ƒ /api/tenants/bulk-update
├ ƒ /api/tenants/update-config
├ ƒ /api/tenants/update-config-with-greeting
├ ○ /auth
├ ○ /create-agent
├ ○ /pricing
├ ƒ /reseller/[resellerSlug]
├ ƒ /reseller/[resellerSlug]/branding
├ ƒ /reseller/[resellerSlug]/client
├ ƒ /reseller/[resellerSlug]/clients
├ ƒ /reseller/[resellerSlug]/clients/[clientId]/branding
├ ○ /sign-in
├ ○ /sign-up
├ ƒ /widget/[tenantId]
└ ƒ /widget/embed


ƒ Proxy (Middleware)

○  (Static)   prerendered as static content
ƒ  (Dynamic)  server-rendered on demand

